// Jest Snapshot v1, https://goo.gl/fbAQLP

exports[`LandingPage component testing renders UI as expected 1`] = `
Array [
  <main
    className="landing-container"
    role="main"
  >
    <div
      className="landing-wrap"
    >
      <header
        role="banner"
      >
        <h1
          className="landing-main"
        >
          Mood Journal
        </h1>
        <h2
          className="landing-text"
        >
          Understand the inner you.
        </h2>
      </header>
      <section>
        <header>
          <h3
            className="landing-3"
          >
            Experience your inner emotions
          </h3>
        </header>
        <p>
          [
          <em>
            placeholder for screenshot of journal interface
          </em>
          ]
        </p>
        <p
          className="landing-text"
        >
          This mood journal is a documentation of your moods and/or emotions. After collecting a handful of entries, you can return back and read the different emotions you went through. During the process, you can discover new things you never understood about yourself.
        </p>
      </section>
      <section>
        <header>
          <h3
            className="landing-3"
          >
            Record your moods
          </h3>
        </header>
        <p>
          [
          <em>
            placeholder for screenshot of journal interface
          </em>
          ]
        </p>
        <p
          className="landing-text"
        >
          By collecting reoccuring data of your moods and/or emotions, the person starts to be self-aware of things they never thought existed. This can take the person through a multitude of directions including self-discovery, self-improvement, and introspection.
        </p>
      </section>
      <section>
        <header>
          <h3
            className="landing-3"
          >
            Keep track of your progress
          </h3>
        </header>
        <p>
          [
          <em>
            placeholder for screenshot of journal entries
          </em>
          ]
        </p>
        <p
          className="landing-text"
        >
          This is a whole list view of journal entries to give a general picture of how often you document an entry.
        </p>
      </section>
    </div>
  </main>,
  <footer
    aria-label="content-info"
  >
    Created by Hubert Yang
  </footer>,
]
`;
