// Jest Snapshot v1, https://goo.gl/fbAQLP

exports[`renders UI as expected 1`] = `
Array [
  <h3
    className="search-title"
  >
    Search Entry Contents:
  </h3>,
  <input
    className="mood-page-input"
    onChange={[Function]}
    placeholder="Search journal entry contents..."
    type="text"
    value=""
  />,
  <div
    className="mood-page"
  >
    <h1>
      My Moods
    </h1>
  </div>,
]
`;
